2026-02-11 21:30:44,681 - Iteration 0: MSE = 34.2772
2026-02-11 21:30:44,726 - Iteration 100: MSE = 0.5452
2026-02-11 21:30:44,765 - Iteration 200: MSE = 0.5431
2026-02-11 21:30:44,874 - Iteration 300: MSE = 0.5430
2026-02-11 21:30:44,906 - Iteration 400: MSE = 0.5429
2026-02-11 21:30:44,932 - Trial: lr=0.05, iters=500, Val MSE=0.5103
2026-02-11 21:30:44,933 - Iteration 0: MSE = 34.2772
2026-02-11 21:30:44,957 - Iteration 100: MSE = 0.5452
2026-02-11 21:30:44,981 - Iteration 200: MSE = 0.5431
2026-02-11 21:30:45,002 - Iteration 300: MSE = 0.5430
2026-02-11 21:30:45,041 - Iteration 400: MSE = 0.5429
2026-02-11 21:30:45,092 - Iteration 500: MSE = 0.5429
2026-02-11 21:30:45,115 - Iteration 600: MSE = 0.5428
2026-02-11 21:30:45,136 - Iteration 700: MSE = 0.5428
2026-02-11 21:30:45,158 - Iteration 800: MSE = 0.5428
2026-02-11 21:30:45,183 - Iteration 900: MSE = 0.5428
2026-02-11 21:30:45,203 - Trial: lr=0.05, iters=1000, Val MSE=0.5099
2026-02-11 21:30:45,204 - Iteration 0: MSE = 34.2772
2026-02-11 21:30:45,422 - Iteration 100: MSE = 0.5452
2026-02-11 21:30:45,462 - Iteration 200: MSE = 0.5431
2026-02-11 21:30:45,600 - Iteration 300: MSE = 0.5430
2026-02-11 21:30:45,652 - Iteration 400: MSE = 0.5429
2026-02-11 21:30:45,691 - Iteration 500: MSE = 0.5429
2026-02-11 21:30:45,756 - Iteration 600: MSE = 0.5428
2026-02-11 21:30:45,800 - Iteration 700: MSE = 0.5428
2026-02-11 21:30:46,020 - Iteration 800: MSE = 0.5428
2026-02-11 21:30:46,088 - Iteration 900: MSE = 0.5428
2026-02-11 21:30:46,161 - Iteration 1000: MSE = 0.5428
2026-02-11 21:30:46,227 - Iteration 1100: MSE = 0.5428
2026-02-11 21:30:46,335 - Iteration 1200: MSE = 0.5428
2026-02-11 21:30:46,589 - Iteration 1300: MSE = 0.5428
2026-02-11 21:30:46,671 - Iteration 1400: MSE = 0.5428
2026-02-11 21:30:46,723 - Iteration 1500: MSE = 0.5428
2026-02-11 21:30:46,782 - Iteration 1600: MSE = 0.5427
2026-02-11 21:30:46,814 - Iteration 1700: MSE = 0.5427
2026-02-11 21:30:46,862 - Iteration 1800: MSE = 0.5427
2026-02-11 21:30:47,035 - Iteration 1900: MSE = 0.5427
2026-02-11 21:30:47,077 - Trial: lr=0.05, iters=2000, Val MSE=0.5097
2026-02-11 21:30:47,078 - Iteration 0: MSE = 34.2772
2026-02-11 21:30:47,125 - Iteration 100: MSE = 5.0639
2026-02-11 21:30:47,176 - Iteration 200: MSE = 1.1552
2026-02-11 21:30:47,239 - Iteration 300: MSE = 0.6281
2026-02-11 21:30:47,296 - Iteration 400: MSE = 0.5559
2026-02-11 21:30:47,317 - Trial: lr=0.01, iters=500, Val MSE=0.5165
2026-02-11 21:30:47,318 - Iteration 0: MSE = 34.2772
2026-02-11 21:30:47,340 - Iteration 100: MSE = 5.0639
2026-02-11 21:30:47,372 - Iteration 200: MSE = 1.1552
2026-02-11 21:30:47,414 - Iteration 300: MSE = 0.6281
2026-02-11 21:30:47,446 - Iteration 400: MSE = 0.5559
2026-02-11 21:30:47,472 - Iteration 500: MSE = 0.5455
2026-02-11 21:30:47,492 - Iteration 600: MSE = 0.5438
2026-02-11 21:30:47,557 - Iteration 700: MSE = 0.5434
2026-02-11 21:30:47,577 - Iteration 800: MSE = 0.5432
2026-02-11 21:30:47,607 - Iteration 900: MSE = 0.5431
2026-02-11 21:30:47,628 - Trial: lr=0.01, iters=1000, Val MSE=0.5110
2026-02-11 21:30:47,628 - Iteration 0: MSE = 34.2772
2026-02-11 21:30:47,657 - Iteration 100: MSE = 5.0639
2026-02-11 21:30:47,682 - Iteration 200: MSE = 1.1552
2026-02-11 21:30:47,704 - Iteration 300: MSE = 0.6281
2026-02-11 21:30:47,727 - Iteration 400: MSE = 0.5559
2026-02-11 21:30:47,751 - Iteration 500: MSE = 0.5455
2026-02-11 21:30:47,775 - Iteration 600: MSE = 0.5438
2026-02-11 21:30:47,800 - Iteration 700: MSE = 0.5434
2026-02-11 21:30:47,827 - Iteration 800: MSE = 0.5432
2026-02-11 21:30:47,849 - Iteration 900: MSE = 0.5431
2026-02-11 21:30:47,870 - Iteration 1000: MSE = 0.5431
2026-02-11 21:30:47,897 - Iteration 1100: MSE = 0.5431
2026-02-11 21:30:47,926 - Iteration 1200: MSE = 0.5430
2026-02-11 21:30:47,953 - Iteration 1300: MSE = 0.5430
2026-02-11 21:30:47,978 - Iteration 1400: MSE = 0.5430
2026-02-11 21:30:48,001 - Iteration 1500: MSE = 0.5430
2026-02-11 21:30:48,107 - Iteration 1600: MSE = 0.5430
2026-02-11 21:30:48,203 - Iteration 1700: MSE = 0.5429
2026-02-11 21:30:48,284 - Iteration 1800: MSE = 0.5429
2026-02-11 21:30:48,315 - Iteration 1900: MSE = 0.5429
2026-02-11 21:30:48,346 - Trial: lr=0.01, iters=2000, Val MSE=0.5104
2026-02-11 21:30:48,346 - Iteration 0: MSE = 34.2772
2026-02-11 21:30:48,375 - Iteration 100: MSE = 28.1424
2026-02-11 21:30:48,416 - Iteration 200: MSE = 23.1284
2026-02-11 21:30:48,481 - Iteration 300: MSE = 19.0285
2026-02-11 21:30:48,564 - Iteration 400: MSE = 15.6749
2026-02-11 21:30:48,618 - Trial: lr=0.001, iters=500, Val MSE=13.2548
2026-02-11 21:30:48,619 - Iteration 0: MSE = 34.2772
2026-02-11 21:30:48,667 - Iteration 100: MSE = 28.1424
2026-02-11 21:30:48,718 - Iteration 200: MSE = 23.1284
2026-02-11 21:30:48,767 - Iteration 300: MSE = 19.0285
2026-02-11 21:30:48,808 - Iteration 400: MSE = 15.6749
2026-02-11 21:30:48,847 - Iteration 500: MSE = 12.9312
2026-02-11 21:30:48,869 - Iteration 600: MSE = 10.6860
2026-02-11 21:30:48,889 - Iteration 700: MSE = 8.8484
2026-02-11 21:30:48,951 - Iteration 800: MSE = 7.3443
2026-02-11 21:30:49,038 - Iteration 900: MSE = 6.1130
2026-02-11 21:30:49,077 - Trial: lr=0.001, iters=1000, Val MSE=5.2581
2026-02-11 21:30:49,078 - Iteration 0: MSE = 34.2772
2026-02-11 21:30:49,110 - Iteration 100: MSE = 28.1424
2026-02-11 21:30:49,137 - Iteration 200: MSE = 23.1284
2026-02-11 21:30:49,163 - Iteration 300: MSE = 19.0285
2026-02-11 21:30:49,190 - Iteration 400: MSE = 15.6749
2026-02-11 21:30:49,226 - Iteration 500: MSE = 12.9312
2026-02-11 21:30:49,259 - Iteration 600: MSE = 10.6860
2026-02-11 21:30:49,284 - Iteration 700: MSE = 8.8484
2026-02-11 21:30:49,308 - Iteration 800: MSE = 7.3443
2026-02-11 21:30:49,331 - Iteration 900: MSE = 6.1130
2026-02-11 21:30:49,355 - Iteration 1000: MSE = 5.1050
2026-02-11 21:30:49,386 - Iteration 1100: MSE = 4.2797
2026-02-11 21:30:49,417 - Iteration 1200: MSE = 3.6040
2026-02-11 21:30:49,440 - Iteration 1300: MSE = 3.0507
2026-02-11 21:30:49,470 - Iteration 1400: MSE = 2.5976
2026-02-11 21:30:49,491 - Iteration 1500: MSE = 2.2265
2026-02-11 21:30:49,518 - Iteration 1600: MSE = 1.9227
2026-02-11 21:30:49,545 - Iteration 1700: MSE = 1.6738
2026-02-11 21:30:49,580 - Iteration 1800: MSE = 1.4700
2026-02-11 21:30:49,608 - Iteration 1900: MSE = 1.3030
2026-02-11 21:30:49,677 - Trial: lr=0.001, iters=2000, Val MSE=1.1903
2026-02-11 21:30:49,697 - Best Params: {'lr': 0.05, 'iters': 2000}
2026-02-11 21:30:49,697 - Train MSE: 0.5427, Val MSE: 0.5097, Test MSE: 0.5095, R2: 0.3057, Explained Variance: 0.3066
2026-02-11 21:30:49,698 - Weights: [ 0.07358287 -0.19358273  0.02227252  0.1666487  -0.02510952  0.12427732
 -0.15069123 -0.16917101  0.0850293   0.12480173  0.31321147], Bias: 5.787729196051344
2026-02-11 21:30:54,946 - Are you satisfied with the best solution? Yes, the model converged (MSE decreases over iterations), and test MSE is reasonable with good R2.
