2026-02-09 22:31:11,148 - Iteration 0: MSE = 34.3113
2026-02-09 22:31:11,168 - Iteration 100: MSE = 0.5446
2026-02-09 22:31:11,179 - Iteration 200: MSE = 0.5423
2026-02-09 22:31:11,190 - Iteration 300: MSE = 0.5421
2026-02-09 22:31:11,202 - Iteration 400: MSE = 0.5420
2026-02-09 22:31:11,213 - Trial: lr=0.05, iters=500, Val MSE=0.5465
2026-02-09 22:31:11,213 - Iteration 0: MSE = 34.3113
2026-02-09 22:31:11,224 - Iteration 100: MSE = 0.5446
2026-02-09 22:31:11,235 - Iteration 200: MSE = 0.5423
2026-02-09 22:31:11,246 - Iteration 300: MSE = 0.5421
2026-02-09 22:31:11,257 - Iteration 400: MSE = 0.5420
2026-02-09 22:31:11,267 - Iteration 500: MSE = 0.5419
2026-02-09 22:31:11,278 - Iteration 600: MSE = 0.5418
2026-02-09 22:31:11,289 - Iteration 700: MSE = 0.5418
2026-02-09 22:31:11,300 - Iteration 800: MSE = 0.5418
2026-02-09 22:31:11,310 - Iteration 900: MSE = 0.5417
2026-02-09 22:31:11,321 - Trial: lr=0.05, iters=1000, Val MSE=0.5470
2026-02-09 22:31:11,321 - Iteration 0: MSE = 34.3113
2026-02-09 22:31:11,331 - Iteration 100: MSE = 0.5446
2026-02-09 22:31:11,342 - Iteration 200: MSE = 0.5423
2026-02-09 22:31:11,353 - Iteration 300: MSE = 0.5421
2026-02-09 22:31:11,364 - Iteration 400: MSE = 0.5420
2026-02-09 22:31:11,374 - Iteration 500: MSE = 0.5419
2026-02-09 22:31:11,384 - Iteration 600: MSE = 0.5418
2026-02-09 22:31:11,396 - Iteration 700: MSE = 0.5418
2026-02-09 22:31:11,406 - Iteration 800: MSE = 0.5418
2026-02-09 22:31:11,417 - Iteration 900: MSE = 0.5417
2026-02-09 22:31:11,428 - Iteration 1000: MSE = 0.5417
2026-02-09 22:31:11,438 - Iteration 1100: MSE = 0.5417
2026-02-09 22:31:11,449 - Iteration 1200: MSE = 0.5417
2026-02-09 22:31:11,460 - Iteration 1300: MSE = 0.5417
2026-02-09 22:31:11,470 - Iteration 1400: MSE = 0.5417
2026-02-09 22:31:11,481 - Iteration 1500: MSE = 0.5417
2026-02-09 22:31:11,492 - Iteration 1600: MSE = 0.5417
2026-02-09 22:31:11,503 - Iteration 1700: MSE = 0.5417
2026-02-09 22:31:11,513 - Iteration 1800: MSE = 0.5417
2026-02-09 22:31:11,524 - Iteration 1900: MSE = 0.5417
2026-02-09 22:31:11,535 - Trial: lr=0.05, iters=2000, Val MSE=0.5473
2026-02-09 22:31:11,535 - Iteration 0: MSE = 34.3113
2026-02-09 22:31:11,546 - Iteration 100: MSE = 5.0683
2026-02-09 22:31:11,557 - Iteration 200: MSE = 1.1556
2026-02-09 22:31:11,567 - Iteration 300: MSE = 0.6278
2026-02-09 22:31:11,578 - Iteration 400: MSE = 0.5554
2026-02-09 22:31:11,588 - Trial: lr=0.01, iters=500, Val MSE=0.5448
2026-02-09 22:31:11,588 - Iteration 0: MSE = 34.3113
2026-02-09 22:31:11,599 - Iteration 100: MSE = 5.0683
2026-02-09 22:31:11,610 - Iteration 200: MSE = 1.1556
2026-02-09 22:31:11,621 - Iteration 300: MSE = 0.6278
2026-02-09 22:31:11,637 - Iteration 400: MSE = 0.5554
2026-02-09 22:31:11,652 - Iteration 500: MSE = 0.5449
2026-02-09 22:31:11,671 - Iteration 600: MSE = 0.5431
2026-02-09 22:31:11,690 - Iteration 700: MSE = 0.5427
2026-02-09 22:31:11,711 - Iteration 800: MSE = 0.5425
2026-02-09 22:31:11,729 - Iteration 900: MSE = 0.5424
2026-02-09 22:31:11,740 - Trial: lr=0.01, iters=1000, Val MSE=0.5458
2026-02-09 22:31:11,740 - Iteration 0: MSE = 34.3113
2026-02-09 22:31:11,750 - Iteration 100: MSE = 5.0683
2026-02-09 22:31:11,761 - Iteration 200: MSE = 1.1556
2026-02-09 22:31:11,771 - Iteration 300: MSE = 0.6278
2026-02-09 22:31:11,782 - Iteration 400: MSE = 0.5554
2026-02-09 22:31:11,793 - Iteration 500: MSE = 0.5449
2026-02-09 22:31:11,804 - Iteration 600: MSE = 0.5431
2026-02-09 22:31:11,814 - Iteration 700: MSE = 0.5427
2026-02-09 22:31:11,827 - Iteration 800: MSE = 0.5425
2026-02-09 22:31:11,837 - Iteration 900: MSE = 0.5424
2026-02-09 22:31:11,848 - Iteration 1000: MSE = 0.5423
2026-02-09 22:31:11,859 - Iteration 1100: MSE = 0.5423
2026-02-09 22:31:11,869 - Iteration 1200: MSE = 0.5422
2026-02-09 22:31:11,880 - Iteration 1300: MSE = 0.5422
2026-02-09 22:31:11,891 - Iteration 1400: MSE = 0.5421
2026-02-09 22:31:11,902 - Iteration 1500: MSE = 0.5421
2026-02-09 22:31:11,913 - Iteration 1600: MSE = 0.5421
2026-02-09 22:31:11,925 - Iteration 1700: MSE = 0.5421
2026-02-09 22:31:11,940 - Iteration 1800: MSE = 0.5420
2026-02-09 22:31:11,952 - Iteration 1900: MSE = 0.5420
2026-02-09 22:31:11,963 - Trial: lr=0.01, iters=2000, Val MSE=0.5464
2026-02-09 22:31:11,963 - Iteration 0: MSE = 34.3113
2026-02-09 22:31:11,974 - Iteration 100: MSE = 28.1700
2026-02-09 22:31:11,984 - Iteration 200: MSE = 23.1507
2026-02-09 22:31:11,996 - Iteration 300: MSE = 19.0466
2026-02-09 22:31:12,007 - Iteration 400: MSE = 15.6897
2026-02-09 22:31:12,018 - Trial: lr=0.001, iters=500, Val MSE=12.8349
2026-02-09 22:31:12,018 - Iteration 0: MSE = 34.3113
2026-02-09 22:31:12,029 - Iteration 100: MSE = 28.1700
2026-02-09 22:31:12,040 - Iteration 200: MSE = 23.1507
2026-02-09 22:31:12,050 - Iteration 300: MSE = 19.0466
2026-02-09 22:31:12,062 - Iteration 400: MSE = 15.6897
2026-02-09 22:31:12,075 - Iteration 500: MSE = 12.9433
2026-02-09 22:31:12,087 - Iteration 600: MSE = 10.6958
2026-02-09 22:31:12,098 - Iteration 700: MSE = 8.8565
2026-02-09 22:31:12,109 - Iteration 800: MSE = 7.3509
2026-02-09 22:31:12,121 - Iteration 900: MSE = 6.1184
2026-02-09 22:31:12,133 - Trial: lr=0.001, iters=1000, Val MSE=5.0416
2026-02-09 22:31:12,133 - Iteration 0: MSE = 34.3113
2026-02-09 22:31:12,146 - Iteration 100: MSE = 28.1700
2026-02-09 22:31:12,157 - Iteration 200: MSE = 23.1507
2026-02-09 22:31:12,167 - Iteration 300: MSE = 19.0466
2026-02-09 22:31:12,178 - Iteration 400: MSE = 15.6897
2026-02-09 22:31:12,189 - Iteration 500: MSE = 12.9433
2026-02-09 22:31:12,201 - Iteration 600: MSE = 10.6958
2026-02-09 22:31:12,213 - Iteration 700: MSE = 8.8565
2026-02-09 22:31:12,224 - Iteration 800: MSE = 7.3509
2026-02-09 22:31:12,236 - Iteration 900: MSE = 6.1184
2026-02-09 22:31:12,251 - Iteration 1000: MSE = 5.1094
2026-02-09 22:31:12,262 - Iteration 1100: MSE = 4.2833
2026-02-09 22:31:12,273 - Iteration 1200: MSE = 3.6069
2026-02-09 22:31:12,287 - Iteration 1300: MSE = 3.0530
2026-02-09 22:31:12,305 - Iteration 1400: MSE = 2.5995
2026-02-09 22:31:12,321 - Iteration 1500: MSE = 2.2281
2026-02-09 22:31:12,332 - Iteration 1600: MSE = 1.9239
2026-02-09 22:31:12,344 - Iteration 1700: MSE = 1.6748
2026-02-09 22:31:12,354 - Iteration 1800: MSE = 1.4707
2026-02-09 22:31:12,365 - Iteration 1900: MSE = 1.3036
2026-02-09 22:31:12,375 - Trial: lr=0.001, iters=2000, Val MSE=1.1407
2026-02-09 22:31:12,377 - Best Params: {'lr': 0.01, 'iters': 500}
2026-02-09 22:31:12,377 - Train MSE: 0.5449, Test MSE: 0.5139, R2: 0.3149, Explained Variance: 0.3199
2026-02-09 22:31:12,378 - Weights: [ 0.03651942 -0.18265162  0.03313027  0.11196006 -0.04536825  0.11152364
 -0.12506205 -0.10088688  0.05963639  0.11302823  0.33614918], Bias: 5.7522371811046975
2026-02-09 22:31:13,388 - Are you satisfied with the best solution? Yes, the model converged (MSE decreases over iterations), and test MSE is reasonable with good R2. Tuning on validation set ensures no data leakage.
