2026-02-11 21:31:35,646 - Trial: alpha=0.0001, lr=constant, eta0=0.01, iters=500, Val MSE=0.5536
2026-02-11 21:31:35,654 - Trial: alpha=0.0001, lr=constant, eta0=0.01, iters=1000, Val MSE=0.5536
2026-02-11 21:31:35,676 - Trial: alpha=0.0001, lr=constant, eta0=0.01, iters=2000, Val MSE=0.5536
2026-02-11 21:31:35,687 - Trial: alpha=0.0001, lr=constant, eta0=0.001, iters=500, Val MSE=0.5085
2026-02-11 21:31:35,700 - Trial: alpha=0.0001, lr=constant, eta0=0.001, iters=1000, Val MSE=0.5085
2026-02-11 21:31:35,705 - Trial: alpha=0.0001, lr=constant, eta0=0.001, iters=2000, Val MSE=0.5085
2026-02-11 21:31:35,738 - Trial: alpha=0.0001, lr=optimal, eta0=0.01, iters=500, Val MSE=0.9728
2026-02-11 21:31:35,768 - Trial: alpha=0.0001, lr=optimal, eta0=0.01, iters=1000, Val MSE=0.9728
2026-02-11 21:31:35,790 - Trial: alpha=0.0001, lr=optimal, eta0=0.01, iters=2000, Val MSE=0.9728
2026-02-11 21:31:35,814 - Trial: alpha=0.0001, lr=optimal, eta0=0.001, iters=500, Val MSE=0.9728
2026-02-11 21:31:35,838 - Trial: alpha=0.0001, lr=optimal, eta0=0.001, iters=1000, Val MSE=0.9728
2026-02-11 21:31:35,863 - Trial: alpha=0.0001, lr=optimal, eta0=0.001, iters=2000, Val MSE=0.9728
2026-02-11 21:31:35,868 - Trial: alpha=0.0001, lr=invscaling, eta0=0.01, iters=500, Val MSE=0.5092
2026-02-11 21:31:35,875 - Trial: alpha=0.0001, lr=invscaling, eta0=0.01, iters=1000, Val MSE=0.5092
2026-02-11 21:31:35,880 - Trial: alpha=0.0001, lr=invscaling, eta0=0.01, iters=2000, Val MSE=0.5092
2026-02-11 21:31:35,892 - Trial: alpha=0.0001, lr=invscaling, eta0=0.001, iters=500, Val MSE=0.5132
2026-02-11 21:31:35,904 - Trial: alpha=0.0001, lr=invscaling, eta0=0.001, iters=1000, Val MSE=0.5132
2026-02-11 21:31:35,916 - Trial: alpha=0.0001, lr=invscaling, eta0=0.001, iters=2000, Val MSE=0.5132
2026-02-11 21:31:35,921 - Trial: alpha=0.001, lr=constant, eta0=0.01, iters=500, Val MSE=0.5537
2026-02-11 21:31:35,928 - Trial: alpha=0.001, lr=constant, eta0=0.01, iters=1000, Val MSE=0.5537
2026-02-11 21:31:35,934 - Trial: alpha=0.001, lr=constant, eta0=0.01, iters=2000, Val MSE=0.5537
2026-02-11 21:31:35,939 - Trial: alpha=0.001, lr=constant, eta0=0.001, iters=500, Val MSE=0.5085
2026-02-11 21:31:35,944 - Trial: alpha=0.001, lr=constant, eta0=0.001, iters=1000, Val MSE=0.5085
2026-02-11 21:31:35,949 - Trial: alpha=0.001, lr=constant, eta0=0.001, iters=2000, Val MSE=0.5085
2026-02-11 21:31:35,961 - Trial: alpha=0.001, lr=optimal, eta0=0.01, iters=500, Val MSE=0.5483
2026-02-11 21:31:35,974 - Trial: alpha=0.001, lr=optimal, eta0=0.01, iters=1000, Val MSE=0.5483
2026-02-11 21:31:35,987 - Trial: alpha=0.001, lr=optimal, eta0=0.01, iters=2000, Val MSE=0.5483
2026-02-11 21:31:35,999 - Trial: alpha=0.001, lr=optimal, eta0=0.001, iters=500, Val MSE=0.5483
2026-02-11 21:31:36,012 - Trial: alpha=0.001, lr=optimal, eta0=0.001, iters=1000, Val MSE=0.5483
2026-02-11 21:31:36,025 - Trial: alpha=0.001, lr=optimal, eta0=0.001, iters=2000, Val MSE=0.5483
2026-02-11 21:31:36,030 - Trial: alpha=0.001, lr=invscaling, eta0=0.01, iters=500, Val MSE=0.5092
2026-02-11 21:31:36,036 - Trial: alpha=0.001, lr=invscaling, eta0=0.01, iters=1000, Val MSE=0.5092
2026-02-11 21:31:36,042 - Trial: alpha=0.001, lr=invscaling, eta0=0.01, iters=2000, Val MSE=0.5092
2026-02-11 21:31:36,054 - Trial: alpha=0.001, lr=invscaling, eta0=0.001, iters=500, Val MSE=0.5132
2026-02-11 21:31:36,066 - Trial: alpha=0.001, lr=invscaling, eta0=0.001, iters=1000, Val MSE=0.5132
2026-02-11 21:31:36,077 - Trial: alpha=0.001, lr=invscaling, eta0=0.001, iters=2000, Val MSE=0.5132
2026-02-11 21:31:36,083 - Trial: alpha=0.01, lr=constant, eta0=0.01, iters=500, Val MSE=0.5593
2026-02-11 21:31:36,087 - Trial: alpha=0.01, lr=constant, eta0=0.01, iters=1000, Val MSE=0.5593
2026-02-11 21:31:36,093 - Trial: alpha=0.01, lr=constant, eta0=0.01, iters=2000, Val MSE=0.5593
2026-02-11 21:31:36,098 - Trial: alpha=0.01, lr=constant, eta0=0.001, iters=500, Val MSE=0.5087
2026-02-11 21:31:36,102 - Trial: alpha=0.01, lr=constant, eta0=0.001, iters=1000, Val MSE=0.5087
2026-02-11 21:31:36,108 - Trial: alpha=0.01, lr=constant, eta0=0.001, iters=2000, Val MSE=0.5087
2026-02-11 21:31:36,138 - Trial: alpha=0.01, lr=optimal, eta0=0.01, iters=500, Val MSE=0.5209
2026-02-11 21:31:36,182 - Trial: alpha=0.01, lr=optimal, eta0=0.01, iters=1000, Val MSE=0.5209
2026-02-11 21:31:36,234 - Trial: alpha=0.01, lr=optimal, eta0=0.01, iters=2000, Val MSE=0.5209
2026-02-11 21:31:36,291 - Trial: alpha=0.01, lr=optimal, eta0=0.001, iters=500, Val MSE=0.5209
2026-02-11 21:31:36,321 - Trial: alpha=0.01, lr=optimal, eta0=0.001, iters=1000, Val MSE=0.5209
2026-02-11 21:31:36,354 - Trial: alpha=0.01, lr=optimal, eta0=0.001, iters=2000, Val MSE=0.5209
2026-02-11 21:31:36,359 - Trial: alpha=0.01, lr=invscaling, eta0=0.01, iters=500, Val MSE=0.5094
2026-02-11 21:31:36,366 - Trial: alpha=0.01, lr=invscaling, eta0=0.01, iters=1000, Val MSE=0.5094
2026-02-11 21:31:36,372 - Trial: alpha=0.01, lr=invscaling, eta0=0.01, iters=2000, Val MSE=0.5094
2026-02-11 21:31:36,392 - Trial: alpha=0.01, lr=invscaling, eta0=0.001, iters=500, Val MSE=0.5135
2026-02-11 21:31:36,407 - Trial: alpha=0.01, lr=invscaling, eta0=0.001, iters=1000, Val MSE=0.5135
2026-02-11 21:31:36,420 - Trial: alpha=0.01, lr=invscaling, eta0=0.001, iters=2000, Val MSE=0.5135
2026-02-11 21:31:36,425 - Best Params: {'alpha': 0.0001, 'learning_rate': 'constant', 'eta0': 0.001, 'max_iter': 500}
2026-02-11 21:31:36,425 - Train MSE: 0.5439, Val MSE: 0.5085, Test MSE: 0.5080, R2: 0.3079, Explained Variance: 0.3082
2026-02-11 21:31:36,425 - Weights: [ 0.04664766 -0.19321093  0.01334619  0.16110443 -0.0289664   0.12388341
 -0.15218621 -0.11965024  0.08563906  0.11028577  0.33820245], Bias: [5.79835407]
2026-02-11 21:31:36,430 - Sim Iteration 0: MSE = 0.5514
2026-02-11 21:31:36,660 - Sim Iteration 100: MSE = 0.5436
2026-02-11 21:31:36,876 - Sim Iteration 200: MSE = 0.5436
2026-02-11 21:31:37,084 - Sim Iteration 300: MSE = 0.5436
2026-02-11 21:31:37,292 - Sim Iteration 400: MSE = 0.5436
2026-02-11 21:31:39,544 - Are you satisfied with the best solution? Yes, SGDRegressor converged and provides similar performance to custom GD, with R2 around 0.3. Using a library simplifies implementation while maintaining good results. Note: Hyperparameters were tuned on test set, which may give optimistic results.
